<html>
<body>
<pre>
<h1>µVision Build Log</h1>
<h2>Tool Versions:</h2>
IDE-Version: ¦ÌVision V5.39.0.0
Copyright (C) 2023 ARM Ltd and ARM Germany GmbH. All rights reserved.
License Information: 1 1, 1, LIC=X96CK-ZKF5Z-JJV6S-L31CW-VWYZQ-CP20V
 
Tool Versions:
Toolchain:       MDK-ARM Plus  Version: 5.39.0.0
Toolchain Path:  D:\0_Environment\Keil_v5\ARM\ARMCLANG\Bin
C Compiler:      ArmClang.exe V6.21
Assembler:       Armasm.exe V6.21
Linker/Locator:  ArmLink.exe V6.21
Library Manager: ArmAr.exe V6.21
Hex Converter:   FromElf.exe V6.21
CPU DLL:         SARMCM3.DLL V5.39.0.0
Dialog DLL:      DCM.DLL V1.17.5.0
Target DLL:      CMSIS_AGDI.dll V1.33.16.0
Dialog DLL:      TCM.DLL V1.56.4.0
 
<h2>Project:</h2>
D:\1_EE_Docs\RP_Engineer_robot\RM25_ENGINEER_V3\Robot\Targets\DM-MC02-keil\MDK-ARM\DM-MC02.uvprojx
Project File Date:  07/14/2025

<h2>Output:</h2>
*** Using Compiler 'V6.21', folder: 'D:\0_Environment\Keil_v5\ARM\ARMCLANG\Bin'
Build target 'DM-MC02'
compiling conf_process.cpp...
compiling conf_interface.cpp...
compiling sys_vison.cpp...
compiling sys_task.cpp...
compiling conf_CanTxNode.cpp...
compiling sys_remote.cpp...
compiling control.cpp...
compiling referee_ui.cpp...
compiling conf_module.cpp...
compiling Configuration.cpp...
compiling System.cpp...
compiling sys_referee.cpp...
compiling conf_device.cpp...
compiling sys_controller_link.cpp...
compiling Core.cpp...
compiling proc_doghole.cpp...
compiling sys_esp32.cpp...
../../../Applications/05_System/Core/process/proc_exchange.cpp(14): warning: 'deg2rad' macro redefined [-Wmacro-redefined]
   14 | #define deg2rad (3.1415926f / 180.0f)
      |         ^
../../../Applications/04_Module/Include/mod_arm.hpp(57): note: previous definition is here
   57 | #define deg2rad(x) ((x) * 0.017453292519943295769236907684886)
      |         ^
1 warning generated.
compiling proc_exchange.cpp...
compiling proc_gold_ore.cpp...
compiling proc_silver_ore.cpp...
compiling proc_ground_ore.cpp...
compiling proc_return_origin.cpp...
compiling proc_return_drive.cpp...
compiling proc_push.cpp...
compiling proc_pop.cpp...
compiling Module.cpp...
compiling com_end.cpp...
compiling proc_arm.cpp...
compiling mod_arm.cpp...
compiling com_pitch1.cpp...
compiling proc_chassis.cpp...
compiling mod_chassis.cpp...
compiling proc_gimbal.cpp...
compiling mod_gimbal.cpp...
compiling com_lift_gimbal.cpp...
compiling com_wheelset.cpp...
compiling com_pitch2.cpp...
compiling com_yaw.cpp...
compiling com_roll.cpp...
compiling dev_servo.cpp...
compiling algo_crc.cpp...
compiling algo_other.cpp...
compiling dev_vision.cpp...
compiling algo_pid.cpp...
compiling dev_controller_link.cpp...
compiling dev_referee.cpp...
compiling proc_subgantry.cpp...
compiling com_pump.cpp...
compiling mod_subgantry.cpp...
compiling Device.cpp...
compiling com_lift_sub.cpp...
compiling com_stretch_sub.cpp...
compiling remote.cpp...
compiling rc_dr16.cpp...
compiling mtr_dji.cpp...
compiling motor.cpp...
compiling mtr_kt.cpp...
compiling mtr_dm.cpp...
compiling music_lib.cpp...
compiling dev_buzzer.cpp...
compiling mems.cpp...
compiling mems_bmi088.cpp...
compiling mtr_dm_mit.cpp...
compiling dev_esp32.cpp...
compiling inf_can.cpp...
compiling memorymap.c...
compiling gpio.c...
compiling main.c...
compiling adc.c...
compiling crc.c...
compiling dma.c...
compiling iwdg.c...
compiling octospi.c...
compiling fdcan.c...
compiling inf_spi.cpp...
compiling inf_usb_cdc.cpp...
compiling inf_uart.cpp...
compiling Interface.cpp...
compiling stm32h7xx_it.c...
compiling spi.c...
compiling usart.c...
compiling stm32h7xx_hal_msp.c...
compiling system_stm32h7xx.c...
compiling stm32h7xx_hal_timebase_tim.c...
compiling croutine.c...
compiling tim.c...
compiling event_groups.c...
compiling list.c...
compiling tasks.c...
compiling queue.c...
compiling stream_buffer.c...
compiling timers.c...
compiling port.c...
compiling BasicMathFunctions.c...
compiling BasicMathFunctionsF16.c...
compiling BayesFunctions.c...
compiling BayesFunctionsF16.c...
compiling ComplexMathFunctions.c...
compiling ComplexMathFunctionsF16.c...
compiling ControllerFunctions.c...
compiling CommonTablesF16.c...
compiling DistanceFunctionsF16.c...
compiling DistanceFunctions.c...
compiling CommonTables.c...
compiling InterpolationFunctions.c...
compiling FastMathFunctionsF16.c...
compiling FastMathFunctions.c...
compiling FilteringFunctionsF16.c...
compiling StatisticsFunctions.c...
compiling InterpolationFunctionsF16.c...
compiling FilteringFunctions.c...
compiling MatrixFunctions.c...
compiling QuaternionMathFunctions.c...
compiling StatisticsFunctionsF16.c...
compiling MatrixFunctionsF16.c...
compiling SupportFunctions.c...
compiling SupportFunctionsF16.c...
compiling SVMFunctions.c...
compiling SVMFunctionsF16.c...
compiling Semihosting.c...
compiling heap_4.c...
compiling FreeRTOSConfig.c...
compiling TransformFunctionsF16.c...
compiling WindowFunctions.c...
compiling stm32h7xx_hal_pcd_ex.c...
compiling stm32h7xx_hal_pcd.c...
compiling TransformFunctions.c...
compiling stm32h7xx_hal_tim_ex.c...
compiling stm32h7xx_hal_tim.c...
compiling startup.cpp...
compiling stm32h7xx_ll_usb.c...
compiling stm32h7xx_hal_rcc.c...
compiling stm32h7xx_hal_flash.c...
compiling stm32h7xx_hal_rcc_ex.c...
compiling stm32h7xx_hal_hsem.c...
compiling stm32h7xx_hal_gpio.c...
compiling stm32h7xx_hal_flash_ex.c...
compiling stm32h7xx_hal_mdma.c...
compiling stm32h7xx_hal_dma.c...
compiling stm32h7xx_hal_pwr.c...
compiling stm32h7xx_hal_pwr_ex.c...
compiling stm32h7xx_hal_dma_ex.c...
compiling stm32h7xx_hal_cortex.c...
compiling stm32h7xx_hal.c...
compiling stm32h7xx_hal_crc.c...
compiling stm32h7xx_hal_crc_ex.c...
compiling stm32h7xx_hal_i2c.c...
compiling stm32h7xx_hal_iwdg.c...
compiling stm32h7xx_hal_spi.c...
compiling stm32h7xx_hal_exti.c...
compiling stm32h7xx_hal_i2c_ex.c...
compiling stm32h7xx_hal_ospi.c...
compiling stm32h7xx_hal_spi_ex.c...
compiling stm32h7xx_hal_adc_ex.c...
compiling stm32h7xx_hal_fdcan.c...
compiling stm32h7xx_hal_adc.c...
compiling stm32h7xx_hal_uart.c...
compiling usbd_conf.c...
compiling usb_device.c...
compiling stm32h7xx_hal_uart_ex.c...
compiling usbd_cdc_if.c...
compiling usbd_cdc.c...
compiling usbd_desc.c...
compiling usbd_ioreq.c...
compiling usbd_core.c...
compiling usbd_ctlreq.c...
linking...
Program Size: Code=271436 RO-data=5440 RW-data=568 ZI-data=395936  
FromELF: creating hex file...
"DM-MC02\DM-MC02.axf" - 0 Error(s), 1 Warning(s).

<h2>Software Packages used:</h2>

Package Vendor: ARM
                http://www.keil.com/pack/ARM.CMSIS.5.9.0.pack
                ARM::CMSIS@5.9.0
                CMSIS (Common Microcontroller Software Interface Standard)
   * Component: CORE Version: 5.6.0

Package Vendor: Keil
                https://www.keil.com/pack/Keil.STM32H7xx_DFP.3.1.1.pack
                Keil::STM32H7xx_DFP@3.1.1
                STMicroelectronics STM32H7 Series Device Support and Examples

<h2>Collection of Component include folders:</h2>
  ./RTE/_DM-MC02
  D:/0_Environment/Arm/ARM/CMSIS/5.9.0/CMSIS/Core/Include
  D:/0_Environment/Arm/Keil/STM32H7xx_DFP/3.1.1/Drivers/CMSIS/Device/ST/STM32H7xx/Include

<h2>Collection of Component Files used:</h2>

   * Component: ARM::CMSIS:CORE@5.6.0
      Include file:  CMSIS/Core/Include/tz_context.h
Build Time Elapsed:  00:10:45
</pre>
</body>
</html>
